// Jest Snapshot v1, https://jestjs.io/docs/snapshot-testing

exports[`Population Resolver should resolve correctly 1`] = `
{
  "body": {
    "kind": "single",
    "singleResult": {
      "data": {
        "populations": [
          {
            "id": "04000US01",
            "nation": "Alabama",
            "population": 53853646,
            "year": 2021,
          },
          {
            "id": "04000US02",
            "nation": "Alaska",
            "population": 8074728,
            "year": 2021,
          },
        ],
      },
      "errors": undefined,
    },
  },
  "http": {
    "headers": Map {
      "cache-control" => "no-store",
    },
    "status": undefined,
  },
}
`;
